[www.forrester.com/bold/index.html]
[www.forrester.com/ruxitagentjs_ICANVfqru_10317250630095842.js]
[go.forrester.com/wp-content/themes/forrester/assets/dist/js/client-side-redirects.min75ce.js]
[backblue.gif]
[fade.gif]
[index.html]
[go.forrester.com/wp-content/plugins/auth0/assets/css/main83b6.css]
[go.forrester.com/wp-content/themes/forrester/assets/vendor/slickc245.css]
[img.en25.com/i/elqCfg.min.js]
[go.forrester.com/wp-content/themes/forrester/assets/dist/css/core.min0446.css]
[go.forrester.com/wp-content/uploads/2021/10/cropped-icon_512.c2nfSw_xZ0-150x150.png]
[go.forrester.com/wp-content/uploads/2021/10/cropped-icon_512.c2nfSw_xZ0-300x300.png]
[go.forrester.com/wp-content/plugins/duracelltomi-google-tag-manager/dist/js/gtm4wp-form-move-tracker2c73.js]
[www.forrester.com/bold/planning-guides/index.html]
[cdn-0.d41.co/tags/ff/ff-4.min.js]
[www.forrester.com/bold/cross-functional-alignment/index.html]
[www.forrester.com/bold/customer-obsession/index.html]
[go.forrester.com/wp-content/themes/forrester/assets/vendor/jquery.mina7a0.js]
[www.forrester.com/bold/create-content-that-fuels-demand/index.html]
[go.forrester.com/wp-content/themes/forrester/assets/vendor/slick.minc245.js]
[go.forrester.com/wp-content/themes/forrester/assets/vendor/jquery.validate.min0899.js]
[go.forrester.com/wp-content/themes/forrester/assets/dist/js/core.min0446.js]
[www.forrester.com/bold/index.html]
[go.forrester.com/wp-content/themes/forrester/assets/dist/js/client-side-redirects.min75ce.js]
[go.forrester.com/wp-content/plugins/auth0/assets/css/main83b6.css]
[go.forrester.com/wp-content/themes/forrester/assets/vendor/slickc245.css]
[img.en25.com/Web/Forrester/{23c79f58-08a9-49f2-a2ec-2e63b7e11d4d}_zipsicdata.js]
[use.typekit.net/hks2ljb.css]
[go.forrester.com/wp-content/themes/forrester/assets/dist/css/core.min0446.css]
[www.googletagmanager.com/gtm5445.html]
[img.en25.com/i/elqCfg.min.js]
[go.forrester.com/wp-content/themes/forrester/assets/dist/js/client-side-redirects.min9495.js]
[go.forrester.com/wp-content/themes/forrester/assets/dist/css/core.min91cd.css]
[www.forrester.com/bold/planning-guides/index.html]
[www.forrester.com/bold/planning-guide-2026-security-risk/index.html]
[go.forrester.com/wp-content/themes/forrester/assets/dist/js/core.min91cd.js]
[www.forrester.com/bold/cross-functional-alignment/index.html]
[www.forrester.com/bold/planning-guide-2026-b2b-marketing-executive/index.html]
[www.forrester.com/bold/planning-guide-2026-customer-experience/index.html]
[www.forrester.com/bold/planning-guide-2026-technology-executive/index.html]
[www.forrester.com/bold/customer-obsessed-growth-engine-infographic/index.html]
[www.forrester.com/bold/b2c-customer-obsessed-growth-engine/index.html]
[www.forrester.com/bold/organizational-alignment/index.html]
[go.forrester.com/wp-content/themes/forrester/assets/dist/js/client-side-redirects.min36cf.js]
[go.forrester.com/wp-content/themes/forrester/assets/dist/css/core.mine8da.css]
[www.forrester.com/bold/customer-value/index.html]
[www.forrester.com/bold/customer-obsession/index.html]
[www.forrester.com/bold/customer-obsessed/index.html]
[go.forrester.com/wp-content/themes/forrester/assets/dist/js/core.mine8da.js]
[www.forrester.com/bold/create-content-that-fuels-demand/index.html]
[go.forrester.com/wp-content/plugins/duracelltomi-google-tag-manager/dist/js/gtm4wp-form-move-tracker2c73.js]
[go.forrester.com/wp-content/themes/forrester/assets/vendor/jquery.mina7a0.js]
[go.forrester.com/wp-content/themes/forrester/assets/vendor/slick.minc245.js]
[go.forrester.com/wp-content/themes/forrester/assets/vendor/jquery.validate.min0899.js]
[go.forrester.com/wp-content/themes/forrester/assets/dist/js/core.min0446.js]
[img.en25.com/Web/Forrester/{23c79f58-08a9-49f2-a2ec-2e63b7e11d4d}_zipsicdata.js]
[www.forrester.com/bold/customer-centric-culture/index.html]
[www.forrester.com/bold/why-customer-obsession-is-important/index.html]
[use.typekit.net/af/e3ed45/00000000000000007735e602/30/lc150]
[use.typekit.net/af/e3ed45/00000000000000007735e602/30/dc150]
[use.typekit.net/af/e3ed45/00000000000000007735e602/30/ac150]
[use.typekit.net/af/d83550/00000000000000007735e60a/30/lca71]
[use.typekit.net/af/d83550/00000000000000007735e60a/30/dca71]
[use.typekit.net/af/d83550/00000000000000007735e60a/30/aca71]
[use.typekit.net/af/2555e1/00000000000000007735e603/30/l652f]
[use.typekit.net/af/2555e1/00000000000000007735e603/30/d652f]
[use.typekit.net/af/2555e1/00000000000000007735e603/30/a652f]
[use.typekit.net/af/4de20a/00000000000000007735e604/30/le265]
[use.typekit.net/af/4de20a/00000000000000007735e604/30/de265]
[use.typekit.net/af/4de20a/00000000000000007735e604/30/ae265]
[use.typekit.net/af/8738d8/00000000000000007735e611/30/l7238]
[use.typekit.net/af/8738d8/00000000000000007735e611/30/d7238]
[use.typekit.net/af/8738d8/00000000000000007735e611/30/a7238]
[use.typekit.net/af/58acf5/00000000000000007735e622/30/lfac7]
[use.typekit.net/af/58acf5/00000000000000007735e622/30/dfac7]
[use.typekit.net/af/58acf5/00000000000000007735e622/30/afac7]
[use.typekit.net/af/154cda/00000000000000007735e601/30/l6129]
[use.typekit.net/af/154cda/00000000000000007735e601/30/d6129]
[use.typekit.net/af/154cda/00000000000000007735e601/30/a6129]
[use.typekit.net/af/7283cd/00000000000000007735e608/30/l885e]
[use.typekit.net/af/7283cd/00000000000000007735e608/30/d885e]
[use.typekit.net/af/7283cd/00000000000000007735e608/30/a885e]
[use.typekit.net/af/78aca8/00000000000000007735e60d/30/l5bba]
[use.typekit.net/af/78aca8/00000000000000007735e60d/30/d5bba]
[use.typekit.net/af/78aca8/00000000000000007735e60d/30/a5bba]
[use.typekit.net/af/144da4/00000000000000007735e619/30/l1f8b]
[use.typekit.net/af/144da4/00000000000000007735e619/30/d1f8b]
[use.typekit.net/af/144da4/00000000000000007735e619/30/a1f8b]
[use.typekit.net/af/efe4a5/00000000000000007735e609/30/le196]
[use.typekit.net/af/efe4a5/00000000000000007735e609/30/de196]
[use.typekit.net/af/efe4a5/00000000000000007735e609/30/ae196]
[use.typekit.net/af/3322cc/00000000000000007735e616/30/lfdcc]
[use.typekit.net/af/3322cc/00000000000000007735e616/30/dfdcc]
[use.typekit.net/af/3322cc/00000000000000007735e616/30/afdcc]
[use.typekit.net/af/1be3c2/00000000000000007735e606/30/l3eab]
[use.typekit.net/af/1be3c2/00000000000000007735e606/30/d3eab]
[use.typekit.net/af/1be3c2/00000000000000007735e606/30/a3eab]
[use.typekit.net/af/40d372/00000000000000007735e607/30/laaa3]
[use.typekit.net/af/40d372/00000000000000007735e607/30/daaa3]
[use.typekit.net/af/40d372/00000000000000007735e607/30/aaaa3]
[use.typekit.net/af/23e139/00000000000000007735e605/30/le003]
[use.typekit.net/af/23e139/00000000000000007735e605/30/de003]
[use.typekit.net/af/23e139/00000000000000007735e605/30/ae003]
[use.typekit.net/af/79862c/00000000000000007735e60e/30/laf99]
[use.typekit.net/af/79862c/00000000000000007735e60e/30/daf99]
[use.typekit.net/hks2ljb.css]
[go.forrester.com/wp-content/themes/forrester/assets/dist/js/client-side-redirects.min9495.js]
[use.typekit.net/af/79862c/00000000000000007735e60e/30/aaf99]
[go.forrester.com/wp-content/themes/forrester/assets/dist/css/core.min91cd.css]
[go.forrester.com/wp-content/uploads/2025/07/Large-Thmb-2025-Budget-Planning-Guide-2026-TEX.png]
[www.forrester.com/bold/planning-guide-2026-technology-executive/index.html]
[go.forrester.com/wp-content/themes/forrester/assets/dist/js/client-side-redirects.min4293.js]
[go.forrester.com/wp-content/themes/forrester/assets/dist/css/core.mind152.css]
[go.forrester.com/wp-content/uploads/2025/07/Large-Thmb-2025-Budget-Planning-Guide-2026-Security-and-Risk.png]
[www.forrester.com/bold/planning-guide-2026-security-risk/index.html]
[go.forrester.com/wp-content/themes/forrester/assets/dist/js/core.mind152.js]
[go.forrester.com/wp-content/uploads/2025/07/Large-Thmb-2025-Budget-Planning-Guide-2026-B2B-Marketing-Executives.png]
[www.forrester.com/bold/planning-guide-2026-b2b-marketing-executive/index.html]
[go.forrester.com/wp-content/uploads/2025/07/Large-Thmb-2025-Budget-Planning-Guide-2026-CX.png]
[www.forrester.com/bold/planning-guide-2026-customer-experience/index.html]
[go.forrester.com/wp-content/themes/forrester/assets/dist/js/core.min91cd.js]
[www.forrester.com/bold/organizational-alignment/index.html]
[go.forrester.com/wp-content/uploads/2023/08/1.gif]
[go.forrester.com/wp-content/uploads/2023/08/2.gif]
[go.forrester.com/wp-content/uploads/2023/08/3.gif]
[go.forrester.com/wp-content/uploads/2023/09/4-updated2.gif]
[go.forrester.com/wp-content/uploads/2023/09/5-updated.gif]
[go.forrester.com/wp-content/uploads/2023/09/UpdatedEndingSegment.gif]
[www.forrester.com/bold/customer-obsessed-growth-engine-infographic/index.html]
[www.forrester.com/bold/b2c-customer-obsessed-growth-engine/index.html]
[go.forrester.com/wp-content/themes/forrester/assets/dist/js/client-side-redirects.min36cf.js]
[go.forrester.com/wp-content/themes/forrester/assets/dist/css/core.mine8da.css]
[www.forrester.com/bold/why-customer-obsession-is-important/index.html]
[www.forrester.com/bold/customer-value/index.html]
[www.forrester.com/bold/customer-obsessed/index.html]
[www.forrester.com/bold/customer-centric-culture/index.html]
[go.forrester.com/wp-content/themes/forrester/assets/dist/js/core.mine8da.js]
[p.typekit.net/pb802.css]
[go.forrester.com/wp-content/themes/forrester/assets/dist/js/client-side-redirects.min4293.js]
[go.forrester.com/wp-content/themes/forrester/assets/dist/css/core.mind152.css]
[go.forrester.com/wp-content/themes/forrester/assets/dist/js/core.mind152.js]
